audit 186yndjf  vocals.flac …
audit 1b4hd9lp  vocals.flac …
audit 1gv9w2px  vocals.flac …
audit 1q89rul5  035w3__Audien - Something Better.m4a …
audit 1v0zv1s5  005w4__Eminem - Just Lose It.m4a …
audit 1znyu24x  vocals.flac …
audit 21kvmkk5  vocals.flac …
audit 252ys8cx  021w1__Idina Menzel - Let It Go (Acappella).m4a …
audit 2m5knd0f  vocals.flac …
audit 2p248zwf  vocals.flac …
audit 2p25k23p  vocals.flac …
audit 2qy7u05p  vocals.flac …
audit 2tscznp5  vocals.flac …
audit 2uq9800f  vocals.flac …
audit dgrjwux  vocals.flac …
audit dkg1c995  vocals.flac …
audit jwwcskx  vocals.flac …
audit nsvvu7p  008w2__Blink-182 - Bored To Death (Acappella).m4a …
audit ygllqp  vocals.flac …
wrote /Users/johnnycabrahams/Desktop/tracklist_engine/workspaces/alignment_prototype/looptrace/out/audit_1fsnxchk.json

=== ill-posedness audit — 1fsnxchk (audit-v3) ===
  tracks 19  repeat-pairs 414 (CLONE 14 / DISTINCT 400)
  non-repeat calibration residual_db: median -0.0 min -11.6  (clone threshold -12.0)
  linear    n=  8  seconds=  204  clone   0%  distinct  60%  unique  40%
  multiseg  n=  7  seconds=  322  clone   0%  distinct  55%  unique  45%
  loop      n=  1  seconds=   32  clone   0%  distinct 100%  unique   0%
  oddratio  n=  5  seconds=   81  clone   7%  distinct  77%  unique  16%

audit 10ufdgcf  vocals.flac …
audit 14ml2byx  vocals.flac …
audit 1lnh2x95  039w3__Flume - Say It (Acappella) (Acappella).m4a …
audit 1t3z8kbf  vocals.flac …
audit 26465gy5  020w1__X Ambassadors - Unsteady (Acappella).m4a …
audit 2814q10p  vocals.flac …
audit 28tckm0x  vocals.flac …
audit 2unrq2zp  vocals.flac …
audit 2uq9800f  029w2__Two Friends - Pacific Coast Highway (Acappella) (Acappella).m4a …
audit 9hp84x  011w5__Daft Punk - Around The World (Acappella) (Acappella).m4a …
audit f9x17rx  vocals.flac …
audit k38prdx  038w1__Kygo & Selena Gomez - It Ain't Me (Acappella) (Acappella).m4a …
audit tlp2594168  vocals.flac …
audit txwtmt6x  005w1__Ludacris - Pimpin' All Over The World (Acappella).m4a …
audit y0tvbwf  029w1__Kanye West - All Of The Lights (Acappella) (Acappella).m4a …
wrote /Users/johnnycabrahams/Desktop/tracklist_engine/workspaces/alignment_prototype/looptrace/out/audit_2nvzlh2k.json

=== ill-posedness audit — 2nvzlh2k (audit-v3) ===
  tracks 15  repeat-pairs 234 (CLONE 2 / DISTINCT 232)
  non-repeat calibration residual_db: median -0.0 min -30.2  (clone threshold -12.0)
  linear    n=  5  seconds=  138  clone   9%  distinct  12%  unique  79%
  multiseg  n=  7  seconds=  494  clone   0%  distinct  51%  unique  49%
  loop      n=  1  seconds=   46  clone   0%  distinct  98%  unique   2%
  oddratio  n=  4  seconds=   92  clone   0%  distinct  40%  unique  60%
