  [resolve] 001w2: claimed acappella/regular -> stem-fallback (regular/regular, taid=21152)
  [resolve] 001w3: claimed acappella/regular -> stem-fallback (regular/regular, taid=21014)
  [resolve] 001w4: claimed acappella/regular -> stem-fallback (regular/regular, taid=21153)
  [resolve] 002w1: claimed acappella/regular -> stem-fallback (regular/regular, taid=21154)
  [resolve] 002w4: claimed acappella/regular -> stem-fallback (regular/regular, taid=9355)
  [resolve] 002w8: claimed acappella/regular -> stem-fallback (regular/regular, taid=21155)
  [resolve] 003w1: claimed acappella/regular -> stem-fallback (regular/regular, taid=21156)
  [resolve] 004w1: claimed acappella/regular -> stem-fallback (regular/regular, taid=21157)
  [resolve] 004w2: claimed acappella/regular -> stem-fallback (regular/regular, taid=21158)
  [resolve] 005w1: claimed acappella/regular -> stem-fallback (regular/regular, taid=21159)
  [resolve] 006w1: claimed acappella/regular -> stem-fallback (regular/regular, taid=21160)
  [resolve] 007w2: claimed acappella/regular -> stem-fallback (regular/regular, taid=2176)
  [resolve] 008w1: claimed acappella/regular -> stem-fallback (regular/regular, taid=21161)
  [resolve] 008w2: claimed acappella/regular -> stem-fallback (regular/regular, taid=21162)
  [resolve] 008w3: claimed acappella/regular -> stem-fallback (regular/regular, taid=21163)
  [resolve] 009w1: claimed acappella/regular -> stem-fallback (regular/regular, taid=20917)
  [resolve] 013w1: claimed acappella/regular -> stem-fallback (regular/regular, taid=21168)
  [resolve] 013w2: claimed acappella/regular -> stem-fallback (regular/regular, taid=21169)
  [resolve] 013w4: claimed acappella/regular -> stem-fallback (regular/regular, taid=21170)
  [resolve] 014w2: claimed acappella/regular -> stem-fallback (regular/regular, taid=21172)
  [resolve] 015w1: claimed acappella/regular -> stem-fallback (regular/regular, taid=21173)
  [resolve] 016w1: claimed acappella/regular -> stem-fallback (regular/regular, taid=21174)
  [resolve] 018w1: claimed acappella/regular -> stem-fallback (regular/regular, taid=21175)
  [resolve] 018w2: claimed acappella/regular -> stem-fallback (regular/regular, taid=21176)
  [resolve] 019w1: claimed acappella/regular -> stem-fallback (regular/regular, taid=21727)
  [resolve] 019w2: claimed acappella/regular -> stem-fallback (regular/regular, taid=21177)
  [resolve] 021w2: claimed acappella/regular -> stem-fallback (regular/regular, taid=21178)
  [resolve] 022w1: claimed acappella/regular -> stem-fallback (regular/regular, taid=21180)
  [resolve] 022w2: claimed acappella/regular -> stem-fallback (regular/regular, taid=21181)
  [resolve] 023w2: claimed acappella/regular -> stem-fallback (regular/regular, taid=21183)
  [resolve] 025w2: claimed acappella/regular -> stem-fallback (regular/regular, taid=21744)
  [resolve] 026w2: claimed acappella/regular -> stem-fallback (regular/regular, taid=21039)
  [resolve] 027w1: claimed acappella/regular -> stem-fallback (regular/regular, taid=21185)
  [resolve] 027w2: claimed acappella/regular -> stem-fallback (regular/regular, taid=21186)
  [resolve] 028w2: claimed acappella/regular -> stem-fallback (regular/regular, taid=21187)
  [resolve] 030w1: claimed acappella/regular -> stem-fallback (regular/regular, taid=21189)
  [resolve] 031w1: claimed acappella/regular -> stem-fallback (regular/regular, taid=21190)
  [resolve] 032w1: claimed acappella/regular -> stem-fallback (regular/regular, taid=21191)
  [resolve] 033w2: claimed acappella/regular -> stem-fallback (regular/regular, taid=21193)
  [resolve] 034w1: claimed acappella/regular -> stem-fallback (regular/regular, taid=21194)
  [resolve] 034w2: claimed acappella/regular -> stem-fallback (regular/regular, taid=21195)
  [resolve] 034w4: claimed acappella/regular -> stem-fallback (regular/regular, taid=21196)
  [resolve] 035w1: claimed acappella/regular -> stem-fallback (regular/regular, taid=21198)
  [resolve] 035w2: claimed acappella/regular -> stem-fallback (regular/regular, taid=21199)
  [resolve] 036w3: claimed acappella/regular -> stem-fallback (regular/regular, taid=21201)
  [resolve] 036w5: claimed acappella/regular -> stem-fallback (regular/regular, taid=21203)
  [resolve] 037w1: claimed acappella/regular -> stem-fallback (regular/regular, taid=21205)
  [resolve] 037w2: claimed acappella/regular -> stem-fallback (regular/regular, taid=21206)
  [resolve] 038w1: claimed acappella/regular -> stem-fallback (regular/regular, taid=21207)
  [resolve] 040w5: claimed acappella/regular -> stem-fallback (regular/regular, taid=21209)
Fetching set metadata for w1mgcjt...

Set: Two Friends - Big Bootie Mix Volume 10
  Mix:    SET__w1mgcjt__youtube.m4a  (61.1 min)
  Tracks: 135
  Stems:  15/135 tracks have stems available
  Dest:   /Users/johnnycabrahams/aligning/w1mgcjt__Two Friends - Big Bootie Mix Volume 10

[mix] /mnt/storage/sets/w1mgcjt/SET__w1mgcjt__youtube.m4a -> /Users/johnnycabrahams/aligning/w1mgcjt__Two Friends - Big Bootie Mix Volume 10/mix.m4a
[001/135] 001w1  Birdy - Keeping Your Head Up
[002/135] 001w2  Shaun Frank & KSHMR - Heaven
[003/135] 001w3  The Fray - How To Save A Life
[004/135] 001w4  Otto Knows - Million Voices
[005/135] 001w5  Birdy - Keeping Your Head Up  (replay → hardlink)
[006/135] 002w1  OutKast - Ms. Jackson
[007/135] 002w3  Alice Deejay - Better Off Alone
[008/135] 002w4  TJR & VINAI - Bounce Generation
[009/135] 002w5  Galantis - Runaway
[010/135] 002w7  Alice Deejay - Better Off Alone
[011/135] 002w8  Zedd - I Want You To Know
[012/135] 003  Blink-182 - I Miss You  +2 stems
[013/135] 003w1  Alice Deejay - Better Off Alone
[014/135] 004w1  Martin Solveig - The Night Out
[015/135] 004w2  Spice Girls - Wannabe
[016/135] 005  Askery & Lash - Float Alone
[017/135] 005w1  Kungs vs. Cookin' On 3 Burners - This Girl
[018/135] 005w2  Halsey - New Americana
[019/135] 005w3  Loge21 - Drop That
[020/135] 005w4  D12 - My Band
[021/135] 006  Norman Greenbaum - Spirit In The Sky  +2 stems
[022/135] 006w1  Calvin Harris - This Is What You Came For
[023/135] 006w2  Madison Mars - Future Is Now
[024/135] 006w3  Alien Ant Farm - Smooth Criminal  +2 stems
[025/135] 007  Modern Machines - Waiting For You
[026/135] 007w1  Miike Snow - Genghis Khan
[027/135] 007w2  Hot Chocolate - You Sexy Thing  +2 stems
[028/135] 007w3  MERCER & SAYMYNAME - Wanted
[029/135] 008  Dirty Audio - Gorilla Glue
[030/135] 008w1  Rick Ross - Hustlin'
[031/135] 008w2  Ludacris - How Low
[032/135] 008w3  Eminem - Without Me
[033/135] 009  DJ MERCER - Opium
[034/135] 009w1  Justin Timberlake - Can't Stop The Feeling
[035/135] 010  Mako - Way Back Home
[036/135] 010w1  Halsey - Colors
[037/135] 010w2  Mako - Way Back Home  (replay → hardlink)
[038/135] 011  Ryos - Where We Are
[039/135] 011w1  MGMT - Time To Pretend
[040/135] 011w2  Selena Gomez - Kill Em With Kindness  +2 stems
[041/135] 011w3  C & C Music Factory - Gonna Make You Sweat
[042/135] 012  Nadia Ali & Starkillers & Alex Kenji - Pressure
[043/135] 012w1  DJ Snake & AlunaGeorge - You Know You Like It
[044/135] 013  Dimitri Vegas & Like Mike & Sander van Doorn - Project T
[045/135] 013w1  Coldplay - Adventure Of A Lifetime
[046/135] 013w2  Kaskade - Angel On My Shoulder
[047/135] 013w3  Lucas & Steve & Pep & Rash - Enigma
[048/135] 013w4  The Weeknd - Can't Feel My Face
[049/135] 014  Fedde Le Grand & Nicky Romero - Sparks
[050/135] 014w1  Flo Rida - GDFR
[051/135] 014w2  Lou Bega - Mambo No. 5
[052/135] 015  DallasK - Orion
[053/135] 015w1  Robyn - Dancing On My Own
[054/135] 015w2  Florian Picasso - Final Call
[055/135] 016  Boxinbox & Lionsize - Ragga Chinese
[056/135] 016w1  50 Cent - Candy Shop
[057/135] 017  Merk & Kremont - 41 Days
[058/135] 017w1  Alessia Cara - Here
[059/135] 017w2  Galantis - Peanut Butter Jelly
[060/135] 018  Julian Jordan - Rebound
[061/135] 018w1  TLC - No Scrubs
[062/135] 018w2  Kygo - Stole The Show
[063/135] 019  Shaun Frank & KSHMR - Heaven  +2 stems
[064/135] 019w1  Major Lazer - Cold Water
[065/135] 019w2  ZAYN - Pillowtalk
[066/135] 020  Curbi - Triple Six
[067/135] 020w1  Two Door Cinema Club - What You Know
[068/135] 020w2  Skrillex & JAUZ - Squad Out
[069/135] 021  Vigel - SQRT
[070/135] 021w1  B.o.B - Airplanes
[071/135] 021w2  Two Friends & Exit Friendzone - Overdose
[072/135] 021w3  ODESZA - All We Need
[073/135] 022  Jay Hardway - Stardust
[074/135] 022w1  Sean Paul - Get Busy
[075/135] 022w2  Tritonal - Now Or Never
[076/135] 022w3  Two Friends & Exit Friendzone - Overdose
[077/135] 023  The Chainsmokers & Tritonal - Until You Were Gone
[078/135] 023w1  Halsey - Gasoline
[079/135] 023w2  David Guetta - Sexy Bitch
[080/135] 025  DubVision - Primer
[081/135] 025w1  The Police - Every Breath You Take
[082/135] 025w2  Empire Of The Sun - We Are The People
[083/135] 025w3  R3HAB & Quintino - Freak
[084/135] 026w1  Mike Posner - Please Don't Go
[085/135] 026w2  Smash Mouth - All Star
[086/135] 027  Chico Rose (Old Name) & Joey Dale - Everest
[087/135] 027w1  Red Hot Chili Peppers - By The Way
[088/135] 027w2  The Killers - Mr. Brightside
[089/135] 028  Florian Picasso - Kirigami  +2 stems
[090/135] 028w1  Fifth Harmony - Work From Home  +2 stems
[091/135] 028w2  Zedd - Clarity
[092/135] 029  Kryder - Crocodile Tears
[093/135] 029w1  Green Day - Holiday
[094/135] 029w2  Bombs Away - Ghetto Blaster  +2 stems
[095/135] 030  Bro Safari - Snap
[096/135] 030w1  Waka Flocka Flame - No Hands
[097/135] 031  Datsik & Bear Grillz - Fuck Off
[098/135] 031w1  Rick Astley - Never Gonna Give You Up
[099/135] 031w2  SNBRN - Raindrops  +2 stems
[100/135] 032  Tokyo Machine - PARTY
[101/135] 032w1  The Wanted - Glad You Came
[102/135] 032w2  Deorro - Five Hours
[103/135] 032w3  Mike Posner - I Took A Pill In Ibiza
[104/135] 033  LORDE - Team
[105/135] 033w1  Coldplay - Paradise
[106/135] 033w2  Empire Of The Sun - Alive
[107/135] 034  TastyTreat - Ascension  +2 stems
[108/135] 034w1  Taylor Swift - I Knew You Were Trouble
[109/135] 034w2  Lil Wayne - A Milli
[110/135] 034w3  Ookay - Thief  +2 stems
[111/135] 034w4  Soulja Boy Tell 'Em - Crank That
[112/135] 035  Breathe Carolina & Shanahan - Stars & Moon
[113/135] 035w1  The Weeknd - In The Night
[114/135] 035w2  Otto Knows - Back Where I Belong
[115/135] 036  Galantis - No Money
[116/135] 036w1  The Jackson 5 - I Want You Back
[117/135] 036w2  Eminem - Love The Way You Lie
[118/135] 036w3  Krewella - Alive
[119/135] 036w4  Say Lou Lou - Julian
[120/135] 036w5  Coldplay - Viva La Vida
[121/135] 037  Halsey - Colors
[122/135] 037w1  Steve Aoki & Moxie - I Love It When You Cry
[123/135] 037w2  MAGIC! - Rude
[124/135] 037w3  Galantis - Runaway  (replay → hardlink)
[125/135] 038  Two Friends & INSTRUM - Trap King  +2 stems
[126/135] 038w1  Flume - Never Be Like You
[127/135] 039  The Chainsmokers - Don't Let Me Down
[128/135] 039w1  Louis The Child - It's Strange
[129/135] 040  Breezee - Found Home  +2 stems
[130/135] 040w1  Owl City - Fireflies  +2 stems
[131/135] 040w2  Alessia Cara - Wild Things
[132/135] 040w3  DJ Snake & AlunaGeorge - You Know You Like It  (replay → hardlink)
[133/135] 040w4  Drake - Forever
[134/135] 040w5  G-Eazy & Bebe Rexha - Me, Myself & I
[135/135] 040w6  Blink-182 - Feeling This

Done. 135/135 tracks pulled.
Drag /Users/johnnycabrahams/aligning/w1mgcjt__Two Friends - Big Bootie Mix Volume 10 into Ableton.
When finished: rm -rf PosixPath('/Users/johnnycabrahams/aligning/w1mgcjt__Two Friends - Big Bootie Mix Volume 10')
=== inventory gate ===
  039w1  [payload    ] wrong_stem       taid=21876 (regular/regular)  payload slot using full regular track; prefer acapella or vocal stem
           -> acquire_acappella: payload slot using full regular track; prefer acapella or vocal stem
           -> use_demucs_vocals: interim: use Demucs vocals off bed or regular reference
  040    [solo       ] satisfied        taid=944 (regular/regular)  
  040w1  [payload    ] wrong_stem       taid=3857 (regular/regular)  payload slot using full regular track; prefer acapella or vocal stem
           -> acquire_acappella: payload slot using full regular track; prefer acapella or vocal stem
           -> use_demucs_vocals: interim: use Demucs vocals off bed or regular reference
  040w2  [constituent] satisfied        taid=21877 (regular/regular)  
  040w3  [constituent] satisfied        taid=21166 (regular/regular)  
  040w4  [payload    ] satisfied        taid=20848 (acappella/regular)  
  040w5  [payload    ] wrong_stem       taid=21209 (regular/regular)  payload slot needs acappella; only regular full track
           -> acquire_acappella: payload slot needs acappella; only regular full track
           -> use_demucs_vocals: interim: use Demucs vocals off bed or regular reference
  040w6  [constituent] satisfied        taid=21878 (regular/regular)  
make: *** [check-inventory] Error 1
