mert_store: 18 non-finite value(s) clamped in ref 17hz4g3x
mert_store: 1 non-finite value(s) clamped in ref 1mdpuq6f
mert_store: 1 non-finite value(s) clamped in ref 1u1nm3lp
mert_store: 4 non-finite value(s) clamped in ref dkg1c995
mert_store: 6 non-finite value(s) clamped in ref xgbll1f
chroma(mix.m4a) …
hubert(mix_vocals.flac) …
chroma(mix_instrumental.flac) …
looptrace decoded 30 acappella spans (0 self-placement retries)
joint decode: 112 spans (10 no-audio), win=12s hop=2s lam=0.15, 8 workers…
  25/112
  50/112
  75/112
  100/112

updated 122 spans (30 looptrace); multi-segment (loops/edits): 77; path conf median=40.74
wrote workspaces/alignment_prototype/out/1fsnxchk_predicted_timeline_lt.json
chroma(mix.m4a) …
hubert(mix_vocals.flac) …
chroma(mix_instrumental.flac) …
looptrace decoded 53 acappella spans (0 self-placement retries)
joint decode: 91 spans (7 no-audio), win=12s hop=2s lam=0.15, 8 workers…
  25/91
  50/91
  75/91

updated 116 spans (53 looptrace); multi-segment (loops/edits): 23; path conf median=9.32
wrote workspaces/alignment_prototype/out/2nvzlh2k_predicted_timeline_lt.json
