mert_store: 18 non-finite value(s) clamped in ref 17hz4g3x
mert_store: 1 non-finite value(s) clamped in ref 1mdpuq6f
mert_store: 1 non-finite value(s) clamped in ref 1u1nm3lp
mert_store: 4 non-finite value(s) clamped in ref dkg1c995
mert_store: 6 non-finite value(s) clamped in ref xgbll1f
chroma(mix.m4a) …
hubert(mix_vocals.flac) …
chroma(mix_instrumental.flac) …
looptrace decoded 33 acappella spans (9 self-placement retries)
joint decode: 109 spans (10 no-audio), win=12s hop=2s lam=0.15, 8 workers…
  25/109
  50/109
  75/109
  100/109

updated 125 spans (33 looptrace); multi-segment (loops/edits): 86; path conf median=40.74
wrote workspaces/alignment_prototype/out/1fsnxchk_predicted_timeline_lt.json
chroma(mix.m4a) …
hubert(mix_vocals.flac) …
chroma(mix_instrumental.flac) …
looptrace decoded 55 acappella spans (25 self-placement retries)
joint decode: 89 spans (7 no-audio), win=12s hop=2s lam=0.15, 8 workers…
  25/89
  50/89
  75/89

updated 118 spans (55 looptrace); multi-segment (loops/edits): 47; path conf median=9.32
wrote workspaces/alignment_prototype/out/2nvzlh2k_predicted_timeline_lt.json
=== BB12 lt+gate e2e ===
  acappella     n= 14 median=45.3s  <2s: 7%  <5s: 7%
  stem  acappella n= 41 traj-acc=12%  >=80%covered: 7%
  HEADLINE multiseg+loop n= 74 traj-acc=25%  >=80%covered: 9%
=== BB11 lt+gate e2e ===
  acappella     n= 23 median=36.1s  <2s: 30%  <5s: 30%
  stem  acappella n= 67 traj-acc=16%  >=80%covered: 12%
  HEADLINE multiseg+loop n= 61 traj-acc=24%  >=80%covered: 8%
