
=== router — lt_pred_1fsnxchk (n=21) ===
  looptrace-only               traj-acc  43%
  legacy-only                  traj-acc  44%
  routed (LOSO theta=0.0)      traj-acc  43%
  oracle-per-span              traj-acc  48%
    linear    n= 8  routed  50%  (lt  50% / legacy  62%)
    multiseg  n= 7  routed  35%  (lt  35% / legacy  27%)
    loop      n= 1  routed  94%  (lt  94% / legacy  81%)
    oddratio  n= 5  routed  32%  (lt  32% / legacy  32%)

=== router — lt_pred_2nvzlh2k (n=17) ===
  looptrace-only               traj-acc  44%
  legacy-only                  traj-acc  35%
  routed (LOSO theta=15.6)     traj-acc  34%
  oracle-per-span              traj-acc  50%
    linear    n= 5  routed  43%  (lt  60% / legacy  43%)
    multiseg  n= 7  routed  19%  (lt  21% / legacy  12%)
    loop      n= 1  routed  24%  (lt  24% / legacy   0%)
    oddratio  n= 4  routed  50%  (lt  68% / legacy  75%)

theta sweep (transparency):
  lt_pred_1fsnxchk: 5.6:43  6.1:43  6.8:42  6.9:42  7.6:42  12.5:42  13.3:42  13.8:42  14.3:42  15.6:46  16.8:45  19.4:45  19.7:45  20.8:45  22.0:45  22.4:45  24.5:45  26.2:45  33.1:45  66.0:45
  lt_pred_2nvzlh2k: 3.2:44  3.8:44  3.9:43  8.2:43  10.0:39  12.5:39  14.1:34  18.9:34  19.8:34  23.2:40  27.2:40  30.5:38  31.4:38  33.5:36  36.8:36  39.7:36  45.7:36
