=== BB12 ===
  012 multiseg n_pts=46268 slope=0.957 segs=4 loops=0 traj<2s= 47%
  014 oddratio n_pts=26789 slope=1.000 segs=2 loops=0 traj<2s=  0%
  019 oddratio n_pts=32676 slope=1.052 segs=1 loops=0 traj<2s= 29%
  029 linear   n_pts=42248 slope=1.081 segs=1 loops=0 traj<2s=  0%
  032 multiseg n_pts=53771 slope=1.000 segs=8 loops=1 traj<2s= 11%
  039 multiseg n_pts=53664 slope=1.060 segs=4 loops=0 traj<2s= 89%
  040 oddratio n_pts=29376 slope=1.237 segs=1 loops=0 traj<2s=100%
  047 linear   n_pts=33354 slope=1.030 segs=1 loops=0 traj<2s=  0%
  051 linear   n_pts=37656 slope=1.053 segs=2 loops=0 traj<2s= 69%
  053 multiseg n_pts=52126 slope=1.263 segs=5 loops=0 traj<2s=  8%
  058 oddratio n_pts=27644 slope=1.367 segs=1 loops=0 traj<2s=  0%
  062 oddratio n_pts=36376 slope=1.579 segs=1 loops=0 traj<2s=  0%
  069 multiseg n_pts=45380 slope=1.242 segs=9 loops=1 traj<2s= 27%
  071 multiseg n_pts=47617 slope=0.470 segs=8 loops=1 traj<2s=  0%
  073 linear   n_pts=40900 slope=0.940 segs=1 loops=0 traj<2s=  0%
  003 linear   n_pts=58172 slope=2.083 segs=7 loops=0 traj<2s=  0%
  082 linear   n_pts=37578 slope=1.011 segs=2 loops=0 traj<2s= 82%
  127 linear   n_pts=43659 slope=0.985 segs=1 loops=0 traj<2s=100%
  128 linear   n_pts=38334 slope=1.070 segs=1 loops=0 traj<2s=100%
  134 loop     n_pts=34382 slope=1.084 segs=3 loops=1 traj<2s= 94%
  144 multiseg n_pts=43938 slope=0.526 segs=4 loops=0 traj<2s=  0%
dumped 21 spans -> /Users/johnnycabrahams/Desktop/tracklist_engine/workspaces/alignment_prototype/looptrace/out/lt_pred_1fsnxchk.json

=== looptrace.run — 1fsnxchk trajectory accuracy (frozen metric) ===
  ALL       n= 21  traj-acc(<2s) mean  36%
  linear    n=  8  traj-acc(<2s) mean  44%
  multiseg  n=  7  traj-acc(<2s) mean  26%
  loop      n=  1  traj-acc(<2s) mean  94%
  oddratio  n=  5  traj-acc(<2s) mean  26%
=== BB11 ===
  003w1 linear   n_pts=49010 slope=1.137 segs=1 loops=0 traj<2s=100%
  003w2 loop     n_pts=29366 slope=1.168 segs=7 loops=1 traj<2s= 24%
  005w1 linear   n_pts=61335 slope=1.060 segs=1 loops=0 traj<2s=100%
  011w5 linear   n_pts=18161 slope=1.032 segs=1 loops=0 traj<2s=  0%
  011w6 oddratio n_pts=48706 slope=0.940 segs=4 loops=0 traj<2s= 74%
  020w1 linear   n_pts=18833 slope=1.073 segs=2 loops=0 traj<2s=  0%
  022w1 multiseg n_pts=71454 slope=1.491 segs=10 loops=0 traj<2s= 14%
  029w1 linear   n_pts=50412 slope=0.988 segs=1 loops=0 traj<2s=100%
  029w2 oddratio n_pts=29261 slope=1.200 segs=1 loops=0 traj<2s=100%
  029w2 oddratio n_pts=33816 slope=1.163 segs=1 loops=0 traj<2s=  0%
  029w2 oddratio n_pts=31271 slope=1.163 segs=1 loops=0 traj<2s=  0%
  034w1 multiseg n_pts=45869 slope=0.974 segs=2 loops=0 traj<2s=100%
  036w2 multiseg n_pts=36919 slope=0.972 segs=9 loops=2 traj<2s= 31%
  038w1 multiseg n_pts=42201 slope=1.079 segs=4 loops=0 traj<2s=  0%
  039w2 multiseg n_pts=70539 slope=1.000 segs=22 loops=1 traj<2s=  4%
  039w3 multiseg n_pts=66454 slope=2.120 segs=16 loops=1 traj<2s=  3%
  039w7 multiseg n_pts=37644 slope=1.060 segs=1 loops=0 traj<2s=  0%
dumped 17 spans -> /Users/johnnycabrahams/Desktop/tracklist_engine/workspaces/alignment_prototype/looptrace/out/lt_pred_2nvzlh2k.json

=== looptrace.run — 2nvzlh2k trajectory accuracy (frozen metric) ===
  ALL       n= 17  traj-acc(<2s) mean  38%
  linear    n=  5  traj-acc(<2s) mean  60%
  multiseg  n=  7  traj-acc(<2s) mean  22%
  loop      n=  1  traj-acc(<2s) mean  24%
  oddratio  n=  4  traj-acc(<2s) mean  43%
