=== BB12 acappella (hubert, fibers) ===
mert_store: 18 non-finite value(s) clamped in ref 17hz4g3x
mert_store: 1 non-finite value(s) clamped in ref 1mdpuq6f
mert_store: 1 non-finite value(s) clamped in ref 1u1nm3lp
mert_store: 4 non-finite value(s) clamped in ref dkg1c995
mert_store: 6 non-finite value(s) clamped in ref xgbll1f
hubert(mix_vocals.flac) …
decoding 21 spans (1 no-audio) feature=hubert lam=0.15…

=== path decode — trajectory accuracy (hubert) ===
  ALL                  n= 21  traj-acc(<2s) mean  44%  >=80% covered:  38%   ||  fiber-aware mean  47%
  linear               n=  8  traj-acc(<2s) mean  62%  >=80% covered:  62%   ||  fiber-aware mean  62%
  multiseg             n=  7  traj-acc(<2s) mean  27%  >=80% covered:  14%   ||  fiber-aware mean  31%
  loop                 n=  1  traj-acc(<2s) mean  81%  >=80% covered: 100%   ||  fiber-aware mean 100%
  oddratio             n=  5  traj-acc(<2s) mean  32%  >=80% covered:  20%   ||  fiber-aware mean  34%
  by stem:
    acappella          n= 21  traj-acc(<2s) mean  44%  >=80% covered:  38%   ||  fiber-aware mean  47%

=== BB11 acappella (hubert, fibers) ===
hubert(mix_vocals.flac) …
decoding 17 spans (0 no-audio) feature=hubert lam=0.15…

=== path decode — trajectory accuracy (hubert) ===
  ALL                  n= 17  traj-acc(<2s) mean  35%  >=80% covered:  35%   ||  fiber-aware mean  35%
  linear               n=  5  traj-acc(<2s) mean  43%  >=80% covered:  40%   ||  fiber-aware mean  43%
  multiseg             n=  7  traj-acc(<2s) mean  12%  >=80% covered:  14%   ||  fiber-aware mean  12%
  loop                 n=  1  traj-acc(<2s) mean   0%  >=80% covered:   0%   ||  fiber-aware mean   0%
  oddratio             n=  4  traj-acc(<2s) mean  75%  >=80% covered:  75%   ||  fiber-aware mean  75%
  by stem:
    acappella          n= 17  traj-acc(<2s) mean  35%  >=80% covered:  35%   ||  fiber-aware mean  35%
