  [resolve] 001w2: claimed acappella/regular -> stem-fallback (regular/regular, taid=21152)
  [resolve] 001w3: claimed acappella/regular -> stem-fallback (regular/regular, taid=21014)
  [resolve] 001w4: claimed acappella/regular -> stem-fallback (regular/regular, taid=21153)
  [resolve] 002w1: claimed acappella/regular -> stem-fallback (regular/regular, taid=21154)
  [resolve] 002w4: claimed acappella/regular -> stem-fallback (regular/regular, taid=9355)
  [resolve] 002w8: claimed acappella/regular -> stem-fallback (regular/regular, taid=21155)
  [resolve] 003w1: claimed acappella/regular -> stem-fallback (regular/regular, taid=21156)
  [resolve] 004w1: claimed acappella/regular -> stem-fallback (regular/regular, taid=21157)
  [resolve] 004w2: claimed acappella/regular -> stem-fallback (regular/regular, taid=21158)
  [resolve] 005w1: claimed acappella/regular -> stem-fallback (regular/regular, taid=21159)
  [resolve] 006w1: claimed acappella/regular -> stem-fallback (regular/regular, taid=21160)
  [resolve] 007w2: claimed acappella/regular -> stem-fallback (regular/regular, taid=2176)
  [resolve] 008w1: claimed acappella/regular -> stem-fallback (regular/regular, taid=21161)
  [resolve] 008w2: claimed acappella/regular -> stem-fallback (regular/regular, taid=21162)
  [resolve] 008w3: claimed acappella/regular -> stem-fallback (regular/regular, taid=21163)
  [resolve] 009w1: claimed acappella/regular -> stem-fallback (regular/regular, taid=20917)
  [resolve] 013w1: claimed acappella/regular -> stem-fallback (regular/regular, taid=21168)
  [resolve] 013w2: claimed acappella/regular -> stem-fallback (regular/regular, taid=21169)
  [resolve] 013w4: claimed acappella/regular -> stem-fallback (regular/regular, taid=21170)
  [resolve] 014w2: claimed acappella/regular -> stem-fallback (regular/regular, taid=21172)
  [resolve] 015w1: claimed acappella/regular -> stem-fallback (regular/regular, taid=21173)
  [resolve] 016w1: claimed acappella/regular -> stem-fallback (regular/regular, taid=21174)
  [resolve] 018w1: claimed acappella/regular -> stem-fallback (regular/regular, taid=21175)
  [resolve] 018w2: claimed acappella/regular -> stem-fallback (regular/regular, taid=21176)
  [resolve] 019w1: claimed acappella/regular -> stem-fallback (regular/regular, taid=21727)
  [resolve] 019w2: claimed acappella/regular -> stem-fallback (regular/regular, taid=21177)
  [resolve] 021w2: claimed acappella/regular -> stem-fallback (regular/regular, taid=21178)
  [resolve] 022w1: claimed acappella/regular -> stem-fallback (regular/regular, taid=21180)
  [resolve] 022w2: claimed acappella/regular -> stem-fallback (regular/regular, taid=21181)
  [resolve] 023w2: claimed acappella/regular -> stem-fallback (regular/regular, taid=21183)
  [resolve] 025w2: claimed acappella/regular -> stem-fallback (regular/regular, taid=21744)
  [resolve] 026w2: claimed acappella/regular -> stem-fallback (regular/regular, taid=21039)
  [resolve] 027w1: claimed acappella/regular -> stem-fallback (regular/regular, taid=21185)
  [resolve] 027w2: claimed acappella/regular -> stem-fallback (regular/regular, taid=21186)
  [resolve] 028w2: claimed acappella/regular -> stem-fallback (regular/regular, taid=21187)
  [resolve] 030w1: claimed acappella/regular -> stem-fallback (regular/regular, taid=21189)
  [resolve] 031w1: claimed acappella/regular -> stem-fallback (regular/regular, taid=21190)
  [resolve] 032w1: claimed acappella/regular -> stem-fallback (regular/regular, taid=21191)
  [resolve] 033w2: claimed acappella/regular -> stem-fallback (regular/regular, taid=21193)
  [resolve] 034w1: claimed acappella/regular -> stem-fallback (regular/regular, taid=21194)
  [resolve] 034w2: claimed acappella/regular -> stem-fallback (regular/regular, taid=21195)
  [resolve] 034w4: claimed acappella/regular -> stem-fallback (regular/regular, taid=21196)
  [resolve] 035w1: claimed acappella/regular -> stem-fallback (regular/regular, taid=21198)
  [resolve] 035w2: claimed acappella/regular -> stem-fallback (regular/regular, taid=21199)
  [resolve] 036w3: claimed acappella/regular -> stem-fallback (regular/regular, taid=21201)
  [resolve] 036w5: claimed acappella/regular -> stem-fallback (regular/regular, taid=21203)
  [resolve] 037w1: claimed acappella/regular -> stem-fallback (regular/regular, taid=21205)
  [resolve] 037w2: claimed acappella/regular -> stem-fallback (regular/regular, taid=21206)
  [resolve] 038w1: claimed acappella/regular -> stem-fallback (regular/regular, taid=21207)
  [resolve] 040w5: claimed acappella/regular -> stem-fallback (regular/regular, taid=21209)
Fetching set metadata for w1mgcjt...

Set: Two Friends - Big Bootie Mix Volume 10
  Mix:    SET__w1mgcjt__youtube.m4a  (61.1 min)
  Tracks: 135
  Stems:  15/135 tracks have stems available
  Dest:   /Users/johnnycabrahams/aligning/w1mgcjt__Two Friends - Big Bootie Mix Volume 10

[mix] /mnt/storage/sets/w1mgcjt/SET__w1mgcjt__youtube.m4a -> /Users/johnnycabrahams/aligning/w1mgcjt__Two Friends - Big Bootie Mix Volume 10/mix.m4a
[001/135] 001w1  Birdy - Keeping Your Head Up
    -> /Users/johnnycabrahams/aligning/w1mgcjt__Two Friends - Big Bootie Mix Volume 10/tracks/001w1__Birdy - Keeping Your Head Up (Don Diablo Remix).m4a
[002/135] 001w2  Shaun Frank & KSHMR - Heaven
    -> /Users/johnnycabrahams/aligning/w1mgcjt__Two Friends - Big Bootie Mix Volume 10/tracks/001w2__Shaun Frank & KSHMR - Heaven (Acappella).m4a
[003/135] 001w3  The Fray - How To Save A Life
    -> /Users/johnnycabrahams/aligning/w1mgcjt__Two Friends - Big Bootie Mix Volume 10/tracks/001w3__The Fray - How To Save A Life (Acappella).m4a
[004/135] 001w4  Otto Knows - Million Voices
    -> /Users/johnnycabrahams/aligning/w1mgcjt__Two Friends - Big Bootie Mix Volume 10/tracks/001w4__Otto Knows - Million Voices (Acappella).m4a
[005/135] 001w5  Birdy - Keeping Your Head Up  (replay → hardlink)
    -> /Users/johnnycabrahams/aligning/w1mgcjt__Two Friends - Big Bootie Mix Volume 10/tracks/001w5__Birdy - Keeping Your Head Up (Don Diablo Remix).m4a
[006/135] 002w1  OutKast - Ms. Jackson
    -> /Users/johnnycabrahams/aligning/w1mgcjt__Two Friends - Big Bootie Mix Volume 10/tracks/002w1__OutKast - Ms. Jackson (Acappella).m4a
[007/135] 002w3  Alice Deejay - Better Off Alone
    -> /Users/johnnycabrahams/aligning/w1mgcjt__Two Friends - Big Bootie Mix Volume 10/tracks/002w3__Alice Deejay - Better Off Alone.m4a
[008/135] 002w4  TJR & VINAI - Bounce Generation
    -> /Users/johnnycabrahams/aligning/w1mgcjt__Two Friends - Big Bootie Mix Volume 10/tracks/002w4__TJR & VINAI - Bounce Generation (Acappella).m4a
[009/135] 002w5  Galantis - Runaway
    -> /Users/johnnycabrahams/aligning/w1mgcjt__Two Friends - Big Bootie Mix Volume 10/tracks/002w5__Galantis - Runaway (U & I).m4a
[010/135] 002w7  Alice Deejay - Better Off Alone
    -> /Users/johnnycabrahams/aligning/w1mgcjt__Two Friends - Big Bootie Mix Volume 10/tracks/002w7__Alice Deejay - Better Off Alone (ZAXX Remix).m4a
[011/135] 002w8  Zedd - I Want You To Know
    -> /Users/johnnycabrahams/aligning/w1mgcjt__Two Friends - Big Bootie Mix Volume 10/tracks/002w8__Zedd - I Want You To Know (Acappella).m4a
[012/135] 003  Blink-182 - I Miss You  +2 stems
    -> /Users/johnnycabrahams/aligning/w1mgcjt__Two Friends - Big Bootie Mix Volume 10/tracks/003__Blink-182 - I Miss You (Two Friends & Shoolz VIP Remix).m4a
    -> /Users/johnnycabrahams/aligning/w1mgcjt__Two Friends - Big Bootie Mix Volume 10/stems/003__Blink-182 - I Miss You (Two Friends & Shoolz VIP Remix)/instrumental.flac
    -> /Users/johnnycabrahams/aligning/w1mgcjt__Two Friends - Big Bootie Mix Volume 10/stems/003__Blink-182 - I Miss You (Two Friends & Shoolz VIP Remix)/vocals.flac
[013/135] 003w1  Alice Deejay - Better Off Alone
    -> /Users/johnnycabrahams/aligning/w1mgcjt__Two Friends - Big Bootie Mix Volume 10/tracks/003w1__Alice Deejay - Better Off Alone (Acappella).m4a
[014/135] 004w1  Martin Solveig - The Night Out
    -> /Users/johnnycabrahams/aligning/w1mgcjt__Two Friends - Big Bootie Mix Volume 10/tracks/004w1__Martin Solveig - The Night Out (Acappella).m4a
[015/135] 004w2  Spice Girls - Wannabe
    -> /Users/johnnycabrahams/aligning/w1mgcjt__Two Friends - Big Bootie Mix Volume 10/tracks/004w2__Spice Girls - Wannabe (Acappella).m4a
[016/135] 005  Askery & Lash - Float Alone
    -> /Users/johnnycabrahams/aligning/w1mgcjt__Two Friends - Big Bootie Mix Volume 10/tracks/005__Askery & Lash - Float Alone.m4a
[017/135] 005w1  Kungs vs. Cookin' On 3 Burners - This Girl
    -> /Users/johnnycabrahams/aligning/w1mgcjt__Two Friends - Big Bootie Mix Volume 10/tracks/005w1__Kungs vs. Cookin' On 3 Burners - This Girl (Acappella).m4a
[018/135] 005w2  Halsey - New Americana
    -> /Users/johnnycabrahams/aligning/w1mgcjt__Two Friends - Big Bootie Mix Volume 10/tracks/005w2__Halsey - New Americana.m4a
[019/135] 005w3  Loge21 - Drop That
    -> /Users/johnnycabrahams/aligning/w1mgcjt__Two Friends - Big Bootie Mix Volume 10/tracks/005w3__Loge21 - Drop That.m4a
[020/135] 005w4  D12 - My Band
    -> /Users/johnnycabrahams/aligning/w1mgcjt__Two Friends - Big Bootie Mix Volume 10/tracks/005w4__D12 - My Band.m4a
[021/135] 006  Norman Greenbaum - Spirit In The Sky  +2 stems
    -> /Users/johnnycabrahams/aligning/w1mgcjt__Two Friends - Big Bootie Mix Volume 10/tracks/006__Norman Greenbaum - Spirit In The Sky.m4a
    -> /Users/johnnycabrahams/aligning/w1mgcjt__Two Friends - Big Bootie Mix Volume 10/stems/006__Norman Greenbaum - Spirit In The Sky/instrumental.flac
    -> /Users/johnnycabrahams/aligning/w1mgcjt__Two Friends - Big Bootie Mix Volume 10/stems/006__Norman Greenbaum - Spirit In The Sky/vocals.flac
[022/135] 006w1  Calvin Harris - This Is What You Came For
    -> /Users/johnnycabrahams/aligning/w1mgcjt__Two Friends - Big Bootie Mix Volume 10/tracks/006w1__Calvin Harris - This Is What You Came For (Acappella).m4a
[023/135] 006w2  Madison Mars - Future Is Now
    -> /Users/johnnycabrahams/aligning/w1mgcjt__Two Friends - Big Bootie Mix Volume 10/tracks/006w2__Madison Mars - Future Is Now.m4a
[024/135] 006w3  Alien Ant Farm - Smooth Criminal  +2 stems
    -> /Users/johnnycabrahams/aligning/w1mgcjt__Two Friends - Big Bootie Mix Volume 10/tracks/006w3__Alien Ant Farm - Smooth Criminal.m4a
    -> /Users/johnnycabrahams/aligning/w1mgcjt__Two Friends - Big Bootie Mix Volume 10/stems/006w3__Alien Ant Farm - Smooth Criminal/instrumental.flac
    -> /Users/johnnycabrahams/aligning/w1mgcjt__Two Friends - Big Bootie Mix Volume 10/stems/006w3__Alien Ant Farm - Smooth Criminal/vocals.flac
[025/135] 007  Modern Machines - Waiting For You
    -> /Users/johnnycabrahams/aligning/w1mgcjt__Two Friends - Big Bootie Mix Volume 10/tracks/007__Modern Machines - Waiting For You.m4a
[026/135] 007w1  Miike Snow - Genghis Khan
    -> /Users/johnnycabrahams/aligning/w1mgcjt__Two Friends - Big Bootie Mix Volume 10/tracks/007w1__Miike Snow - Genghis Khan.m4a
[027/135] 007w2  Hot Chocolate - You Sexy Thing  +2 stems
    -> /Users/johnnycabrahams/aligning/w1mgcjt__Two Friends - Big Bootie Mix Volume 10/tracks/007w2__Hot Chocolate - You Sexy Thing (Acappella).m4a
    -> /Users/johnnycabrahams/aligning/w1mgcjt__Two Friends - Big Bootie Mix Volume 10/stems/007w2__Hot Chocolate - You Sexy Thing (Acappella)/instrumental.flac
    -> /Users/johnnycabrahams/aligning/w1mgcjt__Two Friends - Big Bootie Mix Volume 10/stems/007w2__Hot Chocolate - You Sexy Thing (Acappella)/vocals.flac
[028/135] 007w3  MERCER & SAYMYNAME - Wanted
    -> /Users/johnnycabrahams/aligning/w1mgcjt__Two Friends - Big Bootie Mix Volume 10/tracks/007w3__MERCER & SAYMYNAME - Wanted.m4a
[029/135] 008  Dirty Audio - Gorilla Glue
    -> /Users/johnnycabrahams/aligning/w1mgcjt__Two Friends - Big Bootie Mix Volume 10/tracks/008__Dirty Audio - Gorilla Glue.m4a
[030/135] 008w1  Rick Ross - Hustlin'
    -> /Users/johnnycabrahams/aligning/w1mgcjt__Two Friends - Big Bootie Mix Volume 10/tracks/008w1__Rick Ross - Hustlin' (Acappella).m4a
[031/135] 008w2  Ludacris - How Low
    -> /Users/johnnycabrahams/aligning/w1mgcjt__Two Friends - Big Bootie Mix Volume 10/tracks/008w2__Ludacris - How Low (Acappella).m4a
[032/135] 008w3  Eminem - Without Me
    -> /Users/johnnycabrahams/aligning/w1mgcjt__Two Friends - Big Bootie Mix Volume 10/tracks/008w3__Eminem - Without Me (Acappella).m4a
[033/135] 009  DJ MERCER - Opium
    -> /Users/johnnycabrahams/aligning/w1mgcjt__Two Friends - Big Bootie Mix Volume 10/tracks/009__DJ MERCER - Opium.m4a
[034/135] 009w1  Justin Timberlake - Can't Stop The Feeling
    -> /Users/johnnycabrahams/aligning/w1mgcjt__Two Friends - Big Bootie Mix Volume 10/tracks/009w1__Justin Timberlake - Can't Stop The Feeling (Acappella).m4a
[035/135] 010  Mako - Way Back Home
    -> /Users/johnnycabrahams/aligning/w1mgcjt__Two Friends - Big Bootie Mix Volume 10/tracks/010__Mako - Way Back Home (Two Friends Remix).m4a
[036/135] 010w1  Halsey - Colors
    -> /Users/johnnycabrahams/aligning/w1mgcjt__Two Friends - Big Bootie Mix Volume 10/tracks/010w1__Halsey - Colors.m4a
[037/135] 010w2  Mako - Way Back Home  (replay → hardlink)
    -> /Users/johnnycabrahams/aligning/w1mgcjt__Two Friends - Big Bootie Mix Volume 10/tracks/010w2__Mako - Way Back Home (Two Friends Remix).m4a
[038/135] 011  Ryos - Where We Are
    -> /Users/johnnycabrahams/aligning/w1mgcjt__Two Friends - Big Bootie Mix Volume 10/tracks/011__Ryos - Where We Are.m4a
[039/135] 011w1  MGMT - Time To Pretend
    -> /Users/johnnycabrahams/aligning/w1mgcjt__Two Friends - Big Bootie Mix Volume 10/tracks/011w1__MGMT - Time To Pretend.m4a
[040/135] 011w2  Selena Gomez - Kill Em With Kindness  +2 stems
    -> /Users/johnnycabrahams/aligning/w1mgcjt__Two Friends - Big Bootie Mix Volume 10/tracks/011w2__Selena Gomez - Kill Em With Kindness.m4a
    -> /Users/johnnycabrahams/aligning/w1mgcjt__Two Friends - Big Bootie Mix Volume 10/stems/011w2__Selena Gomez - Kill Em With Kindness/instrumental.flac
    -> /Users/johnnycabrahams/aligning/w1mgcjt__Two Friends - Big Bootie Mix Volume 10/stems/011w2__Selena Gomez - Kill Em With Kindness/vocals.flac
[041/135] 011w3  C & C Music Factory - Gonna Make You Sweat
    -> /Users/johnnycabrahams/aligning/w1mgcjt__Two Friends - Big Bootie Mix Volume 10/tracks/011w3__C & C Music Factory - Gonna Make You Sweat (Everybody Dance Now).m4a
[042/135] 012  Nadia Ali & Starkillers & Alex Kenji - Pressure
    -> /Users/johnnycabrahams/aligning/w1mgcjt__Two Friends - Big Bootie Mix Volume 10/tracks/012__Nadia Ali & Starkillers & Alex Kenji - Pressure (Alesso Remix).m4a
[043/135] 012w1  DJ Snake & AlunaGeorge - You Know You Like It
    -> /Users/johnnycabrahams/aligning/w1mgcjt__Two Friends - Big Bootie Mix Volume 10/tracks/012w1__DJ Snake & AlunaGeorge - You Know You Like It.m4a
[044/135] 013  Dimitri Vegas & Like Mike & Sander van Doorn - Project T
    -> /Users/johnnycabrahams/aligning/w1mgcjt__Two Friends - Big Bootie Mix Volume 10/tracks/013__Dimitri Vegas & Like Mike & Sander van Doorn - Project T (Martin Garrix Remix).m4a
[045/135] 013w1  Coldplay - Adventure Of A Lifetime
    -> /Users/johnnycabrahams/aligning/w1mgcjt__Two Friends - Big Bootie Mix Volume 10/tracks/013w1__Coldplay - Adventure Of A Lifetime (Acappella).m4a
[046/135] 013w2  Kaskade - Angel On My Shoulder
    -> /Users/johnnycabrahams/aligning/w1mgcjt__Two Friends - Big Bootie Mix Volume 10/tracks/013w2__Kaskade - Angel On My Shoulder (Acappella).m4a
[047/135] 013w3  Lucas & Steve & Pep & Rash - Enigma
    -> /Users/johnnycabrahams/aligning/w1mgcjt__Two Friends - Big Bootie Mix Volume 10/tracks/013w3__Lucas & Steve & Pep & Rash - Enigma.m4a
[048/135] 013w4  The Weeknd - Can't Feel My Face
    -> /Users/johnnycabrahams/aligning/w1mgcjt__Two Friends - Big Bootie Mix Volume 10/tracks/013w4__The Weeknd - Can't Feel My Face (Acappella).m4a
[049/135] 014  Fedde Le Grand & Nicky Romero - Sparks
    -> /Users/johnnycabrahams/aligning/w1mgcjt__Two Friends - Big Bootie Mix Volume 10/tracks/014__Fedde Le Grand & Nicky Romero - Sparks (Vicetone Remix).m4a
[050/135] 014w1  Flo Rida - GDFR
    -> /Users/johnnycabrahams/aligning/w1mgcjt__Two Friends - Big Bootie Mix Volume 10/tracks/014w1__Flo Rida - GDFR.m4a
[051/135] 014w2  Lou Bega - Mambo No. 5
    -> /Users/johnnycabrahams/aligning/w1mgcjt__Two Friends - Big Bootie Mix Volume 10/tracks/014w2__Lou Bega - Mambo No. 5 (Acappella).m4a
[052/135] 015  DallasK - Orion
    -> /Users/johnnycabrahams/aligning/w1mgcjt__Two Friends - Big Bootie Mix Volume 10/tracks/015__DallasK - Orion.m4a
[053/135] 015w1  Robyn - Dancing On My Own
    -> /Users/johnnycabrahams/aligning/w1mgcjt__Two Friends - Big Bootie Mix Volume 10/tracks/015w1__Robyn - Dancing On My Own (Acappella).m4a
[054/135] 015w2  Florian Picasso - Final Call
    -> /Users/johnnycabrahams/aligning/w1mgcjt__Two Friends - Big Bootie Mix Volume 10/tracks/015w2__Florian Picasso - Final Call.m4a
[055/135] 016  Boxinbox & Lionsize - Ragga Chinese
    -> /Users/johnnycabrahams/aligning/w1mgcjt__Two Friends - Big Bootie Mix Volume 10/tracks/016__Boxinbox & Lionsize - Ragga Chinese.m4a
[056/135] 016w1  50 Cent - Candy Shop
    -> /Users/johnnycabrahams/aligning/w1mgcjt__Two Friends - Big Bootie Mix Volume 10/tracks/016w1__50 Cent - Candy Shop (Acappella).m4a
[057/135] 017  Merk & Kremont - 41 Days
    -> /Users/johnnycabrahams/aligning/w1mgcjt__Two Friends - Big Bootie Mix Volume 10/tracks/017__Merk & Kremont - 41 Days.m4a
[058/135] 017w1  Alessia Cara - Here
    -> /Users/johnnycabrahams/aligning/w1mgcjt__Two Friends - Big Bootie Mix Volume 10/tracks/017w1__Alessia Cara - Here.m4a
[059/135] 017w2  Galantis - Peanut Butter Jelly
    -> /Users/johnnycabrahams/aligning/w1mgcjt__Two Friends - Big Bootie Mix Volume 10/tracks/017w2__Galantis - Peanut Butter Jelly.m4a
[060/135] 018  Julian Jordan - Rebound
    -> /Users/johnnycabrahams/aligning/w1mgcjt__Two Friends - Big Bootie Mix Volume 10/tracks/018__Julian Jordan - Rebound.m4a
[061/135] 018w1  TLC - No Scrubs
    -> /Users/johnnycabrahams/aligning/w1mgcjt__Two Friends - Big Bootie Mix Volume 10/tracks/018w1__TLC - No Scrubs (Acappella).m4a
[062/135] 018w2  Kygo - Stole The Show
    -> /Users/johnnycabrahams/aligning/w1mgcjt__Two Friends - Big Bootie Mix Volume 10/tracks/018w2__Kygo - Stole The Show (Acappella).m4a
[063/135] 019  Shaun Frank & KSHMR - Heaven  +2 stems
    -> /Users/johnnycabrahams/aligning/w1mgcjt__Two Friends - Big Bootie Mix Volume 10/tracks/019__Shaun Frank & KSHMR - Heaven (Two Friends Remix).m4a
    -> /Users/johnnycabrahams/aligning/w1mgcjt__Two Friends - Big Bootie Mix Volume 10/stems/019__Shaun Frank & KSHMR - Heaven (Two Friends Remix)/instrumental.flac
    -> /Users/johnnycabrahams/aligning/w1mgcjt__Two Friends - Big Bootie Mix Volume 10/stems/019__Shaun Frank & KSHMR - Heaven (Two Friends Remix)/vocals.flac
[064/135] 019w1  Major Lazer - Cold Water
    -> /Users/johnnycabrahams/aligning/w1mgcjt__Two Friends - Big Bootie Mix Volume 10/tracks/019w1__Major Lazer - Cold Water (Acappella).m4a
[065/135] 019w2  ZAYN - Pillowtalk
    -> /Users/johnnycabrahams/aligning/w1mgcjt__Two Friends - Big Bootie Mix Volume 10/tracks/019w2__ZAYN - Pillowtalk (Acappella).m4a
[066/135] 020  Curbi - Triple Six
    -> /Users/johnnycabrahams/aligning/w1mgcjt__Two Friends - Big Bootie Mix Volume 10/tracks/020__Curbi - Triple Six.m4a
[067/135] 020w1  Two Door Cinema Club - What You Know
    -> /Users/johnnycabrahams/aligning/w1mgcjt__Two Friends - Big Bootie Mix Volume 10/tracks/020w1__Two Door Cinema Club - What You Know.m4a
[068/135] 020w2  Skrillex & JAUZ - Squad Out
    -> /Users/johnnycabrahams/aligning/w1mgcjt__Two Friends - Big Bootie Mix Volume 10/tracks/020w2__Skrillex & JAUZ - Squad Out.m4a
[069/135] 021  Vigel - SQRT
    -> /Users/johnnycabrahams/aligning/w1mgcjt__Two Friends - Big Bootie Mix Volume 10/tracks/021__Vigel - SQRT.m4a
[070/135] 021w1  B.o.B - Airplanes
    -> /Users/johnnycabrahams/aligning/w1mgcjt__Two Friends - Big Bootie Mix Volume 10/tracks/021w1__B.o.B - Airplanes.m4a
[071/135] 021w2  Two Friends & Exit Friendzone - Overdose
    -> /Users/johnnycabrahams/aligning/w1mgcjt__Two Friends - Big Bootie Mix Volume 10/tracks/021w2__Two Friends & Exit Friendzone - Overdose (Acappella).m4a
[072/135] 021w3  ODESZA - All We Need
    -> /Users/johnnycabrahams/aligning/w1mgcjt__Two Friends - Big Bootie Mix Volume 10/tracks/021w3__ODESZA - All We Need (Dzeko & Torres Remix).m4a
[073/135] 022  Jay Hardway - Stardust
    -> /Users/johnnycabrahams/aligning/w1mgcjt__Two Friends - Big Bootie Mix Volume 10/tracks/022__Jay Hardway - Stardust.m4a
[074/135] 022w1  Sean Paul - Get Busy
    -> /Users/johnnycabrahams/aligning/w1mgcjt__Two Friends - Big Bootie Mix Volume 10/tracks/022w1__Sean Paul - Get Busy (Acappella).m4a
[075/135] 022w2  Tritonal - Now Or Never
    -> /Users/johnnycabrahams/aligning/w1mgcjt__Two Friends - Big Bootie Mix Volume 10/tracks/022w2__Tritonal - Now Or Never (Acappella).m4a
[076/135] 022w3  Two Friends & Exit Friendzone - Overdose
    -> /Users/johnnycabrahams/aligning/w1mgcjt__Two Friends - Big Bootie Mix Volume 10/tracks/022w3__Two Friends & Exit Friendzone - Overdose.m4a
[077/135] 023  The Chainsmokers & Tritonal - Until You Were Gone
    -> /Users/johnnycabrahams/aligning/w1mgcjt__Two Friends - Big Bootie Mix Volume 10/tracks/023__The Chainsmokers & Tritonal - Until You Were Gone (Justin Caruso Remix).m4a
[078/135] 023w1  Halsey - Gasoline
    -> /Users/johnnycabrahams/aligning/w1mgcjt__Two Friends - Big Bootie Mix Volume 10/tracks/023w1__Halsey - Gasoline.m4a
[079/135] 023w2  David Guetta - Sexy Bitch
    -> /Users/johnnycabrahams/aligning/w1mgcjt__Two Friends - Big Bootie Mix Volume 10/tracks/023w2__David Guetta - Sexy Bitch (Acappella).m4a
[080/135] 025  DubVision - Primer
    -> /Users/johnnycabrahams/aligning/w1mgcjt__Two Friends - Big Bootie Mix Volume 10/tracks/025__DubVision - Primer.m4a
[081/135] 025w1  The Police - Every Breath You Take
    -> /Users/johnnycabrahams/aligning/w1mgcjt__Two Friends - Big Bootie Mix Volume 10/tracks/025w1__The Police - Every Breath You Take.m4a
[082/135] 025w2  Empire Of The Sun - We Are The People
    -> /Users/johnnycabrahams/aligning/w1mgcjt__Two Friends - Big Bootie Mix Volume 10/tracks/025w2__Empire Of The Sun - We Are The People (Acappella).m4a
[083/135] 025w3  R3HAB & Quintino - Freak
    -> /Users/johnnycabrahams/aligning/w1mgcjt__Two Friends - Big Bootie Mix Volume 10/tracks/025w3__R3HAB & Quintino - Freak (VIP Mix).m4a
[084/135] 026w1  Mike Posner - Please Don't Go
    -> /Users/johnnycabrahams/aligning/w1mgcjt__Two Friends - Big Bootie Mix Volume 10/tracks/026w1__Mike Posner - Please Don't Go.m4a
[085/135] 026w2  Smash Mouth - All Star
    -> /Users/johnnycabrahams/aligning/w1mgcjt__Two Friends - Big Bootie Mix Volume 10/tracks/026w2__Smash Mouth - All Star (Acappella).m4a
[086/135] 027  Chico Rose (Old Name) & Joey Dale - Everest
    -> /Users/johnnycabrahams/aligning/w1mgcjt__Two Friends - Big Bootie Mix Volume 10/tracks/027__Chico Rose (Old Name) & Joey Dale - Everest.m4a
[087/135] 027w1  Red Hot Chili Peppers - By The Way
    -> /Users/johnnycabrahams/aligning/w1mgcjt__Two Friends - Big Bootie Mix Volume 10/tracks/027w1__Red Hot Chili Peppers - By The Way (Acappella).m4a
[088/135] 027w2  The Killers - Mr. Brightside
    -> /Users/johnnycabrahams/aligning/w1mgcjt__Two Friends - Big Bootie Mix Volume 10/tracks/027w2__The Killers - Mr. Brightside (Acappella).m4a
[089/135] 028  Florian Picasso - Kirigami  +2 stems
    -> /Users/johnnycabrahams/aligning/w1mgcjt__Two Friends - Big Bootie Mix Volume 10/tracks/028__Florian Picasso - Kirigami.m4a
    -> /Users/johnnycabrahams/aligning/w1mgcjt__Two Friends - Big Bootie Mix Volume 10/stems/028__Florian Picasso - Kirigami/instrumental.flac
    -> /Users/johnnycabrahams/aligning/w1mgcjt__Two Friends - Big Bootie Mix Volume 10/stems/028__Florian Picasso - Kirigami/vocals.flac
[090/135] 028w1  Fifth Harmony - Work From Home  +2 stems
    -> /Users/johnnycabrahams/aligning/w1mgcjt__Two Friends - Big Bootie Mix Volume 10/tracks/028w1__Fifth Harmony - Work From Home.m4a
    -> /Users/johnnycabrahams/aligning/w1mgcjt__Two Friends - Big Bootie Mix Volume 10/stems/028w1__Fifth Harmony - Work From Home/instrumental.flac
    -> /Users/johnnycabrahams/aligning/w1mgcjt__Two Friends - Big Bootie Mix Volume 10/stems/028w1__Fifth Harmony - Work From Home/vocals.flac
[091/135] 028w2  Zedd - Clarity
    -> /Users/johnnycabrahams/aligning/w1mgcjt__Two Friends - Big Bootie Mix Volume 10/tracks/028w2__Zedd - Clarity (Acappella).m4a
[092/135] 029  Kryder - Crocodile Tears
    -> /Users/johnnycabrahams/aligning/w1mgcjt__Two Friends - Big Bootie Mix Volume 10/tracks/029__Kryder - Crocodile Tears.m4a
[093/135] 029w1  Green Day - Holiday
    -> /Users/johnnycabrahams/aligning/w1mgcjt__Two Friends - Big Bootie Mix Volume 10/tracks/029w1__Green Day - Holiday.m4a
[094/135] 029w2  Bombs Away - Ghetto Blaster  +2 stems
    -> /Users/johnnycabrahams/aligning/w1mgcjt__Two Friends - Big Bootie Mix Volume 10/tracks/029w2__Bombs Away - Ghetto Blaster.m4a
    -> /Users/johnnycabrahams/aligning/w1mgcjt__Two Friends - Big Bootie Mix Volume 10/stems/029w2__Bombs Away - Ghetto Blaster/instrumental.flac
    -> /Users/johnnycabrahams/aligning/w1mgcjt__Two Friends - Big Bootie Mix Volume 10/stems/029w2__Bombs Away - Ghetto Blaster/vocals.flac
[095/135] 030  Bro Safari - Snap
    -> /Users/johnnycabrahams/aligning/w1mgcjt__Two Friends - Big Bootie Mix Volume 10/tracks/030__Bro Safari - Snap (Dirty Audio Remix).m4a
[096/135] 030w1  Waka Flocka Flame - No Hands
    -> /Users/johnnycabrahams/aligning/w1mgcjt__Two Friends - Big Bootie Mix Volume 10/tracks/030w1__Waka Flocka Flame - No Hands (Acappella).m4a
[097/135] 031  Datsik & Bear Grillz - Fuck Off
    -> /Users/johnnycabrahams/aligning/w1mgcjt__Two Friends - Big Bootie Mix Volume 10/tracks/031__Datsik & Bear Grillz - Fuck Off.m4a
[098/135] 031w1  Rick Astley - Never Gonna Give You Up
    -> /Users/johnnycabrahams/aligning/w1mgcjt__Two Friends - Big Bootie Mix Volume 10/tracks/031w1__Rick Astley - Never Gonna Give You Up (Acappella).m4a
[099/135] 031w2  SNBRN - Raindrops  +2 stems
    -> /Users/johnnycabrahams/aligning/w1mgcjt__Two Friends - Big Bootie Mix Volume 10/tracks/031w2__SNBRN - Raindrops (Prince Fox Remix).m4a
    -> /Users/johnnycabrahams/aligning/w1mgcjt__Two Friends - Big Bootie Mix Volume 10/stems/031w2__SNBRN - Raindrops (Prince Fox Remix)/instrumental.flac
    -> /Users/johnnycabrahams/aligning/w1mgcjt__Two Friends - Big Bootie Mix Volume 10/stems/031w2__SNBRN - Raindrops (Prince Fox Remix)/vocals.flac
[100/135] 032  Tokyo Machine - PARTY
    -> /Users/johnnycabrahams/aligning/w1mgcjt__Two Friends - Big Bootie Mix Volume 10/tracks/032__Tokyo Machine - PARTY.m4a
[101/135] 032w1  The Wanted - Glad You Came
    -> /Users/johnnycabrahams/aligning/w1mgcjt__Two Friends - Big Bootie Mix Volume 10/tracks/032w1__The Wanted - Glad You Came (Acappella).m4a
[102/135] 032w2  Deorro - Five Hours
    -> /Users/johnnycabrahams/aligning/w1mgcjt__Two Friends - Big Bootie Mix Volume 10/tracks/032w2__Deorro - Five Hours.m4a
[103/135] 032w3  Mike Posner - I Took A Pill In Ibiza
    -> /Users/johnnycabrahams/aligning/w1mgcjt__Two Friends - Big Bootie Mix Volume 10/tracks/032w3__Mike Posner - I Took A Pill In Ibiza.m4a
[104/135] 033  LORDE - Team
    -> /Users/johnnycabrahams/aligning/w1mgcjt__Two Friends - Big Bootie Mix Volume 10/tracks/033__LORDE - Team (Elephante Remix).m4a
[105/135] 033w1  Coldplay - Paradise
    -> /Users/johnnycabrahams/aligning/w1mgcjt__Two Friends - Big Bootie Mix Volume 10/tracks/033w1__Coldplay - Paradise (Acappella) (Acappella).m4a
[106/135] 033w2  Empire Of The Sun - Alive
    -> /Users/johnnycabrahams/aligning/w1mgcjt__Two Friends - Big Bootie Mix Volume 10/tracks/033w2__Empire Of The Sun - Alive (Acappella).m4a
[107/135] 034  TastyTreat - Ascension  +2 stems
    -> /Users/johnnycabrahams/aligning/w1mgcjt__Two Friends - Big Bootie Mix Volume 10/tracks/034__TastyTreat - Ascension.m4a
    -> /Users/johnnycabrahams/aligning/w1mgcjt__Two Friends - Big Bootie Mix Volume 10/stems/034__TastyTreat - Ascension/instrumental.flac
    -> /Users/johnnycabrahams/aligning/w1mgcjt__Two Friends - Big Bootie Mix Volume 10/stems/034__TastyTreat - Ascension/vocals.flac
[108/135] 034w1  Taylor Swift - I Knew You Were Trouble
    -> /Users/johnnycabrahams/aligning/w1mgcjt__Two Friends - Big Bootie Mix Volume 10/tracks/034w1__Taylor Swift - I Knew You Were Trouble (Acappella).m4a
[109/135] 034w2  Lil Wayne - A Milli
    -> /Users/johnnycabrahams/aligning/w1mgcjt__Two Friends - Big Bootie Mix Volume 10/tracks/034w2__Lil Wayne - A Milli (Acappella).m4a
[110/135] 034w3  Ookay - Thief  +2 stems
    -> /Users/johnnycabrahams/aligning/w1mgcjt__Two Friends - Big Bootie Mix Volume 10/tracks/034w3__Ookay - Thief.m4a
    -> /Users/johnnycabrahams/aligning/w1mgcjt__Two Friends - Big Bootie Mix Volume 10/stems/034w3__Ookay - Thief/instrumental.flac
    -> /Users/johnnycabrahams/aligning/w1mgcjt__Two Friends - Big Bootie Mix Volume 10/stems/034w3__Ookay - Thief/vocals.flac
[111/135] 034w4  Soulja Boy Tell 'Em - Crank That
    -> /Users/johnnycabrahams/aligning/w1mgcjt__Two Friends - Big Bootie Mix Volume 10/tracks/034w4__Soulja Boy Tell 'Em - Crank That (Acappella).m4a
[112/135] 035  Breathe Carolina & Shanahan - Stars & Moon
    -> /Users/johnnycabrahams/aligning/w1mgcjt__Two Friends - Big Bootie Mix Volume 10/tracks/035__Breathe Carolina & Shanahan - Stars & Moon (APEK Remix).m4a
[113/135] 035w1  The Weeknd - In The Night
    -> /Users/johnnycabrahams/aligning/w1mgcjt__Two Friends - Big Bootie Mix Volume 10/tracks/035w1__The Weeknd - In The Night (Acappella).m4a
[114/135] 035w2  Otto Knows - Back Where I Belong
    -> /Users/johnnycabrahams/aligning/w1mgcjt__Two Friends - Big Bootie Mix Volume 10/tracks/035w2__Otto Knows - Back Where I Belong (Acappella).m4a
[115/135] 036  Galantis - No Money
    -> /Users/johnnycabrahams/aligning/w1mgcjt__Two Friends - Big Bootie Mix Volume 10/tracks/036__Galantis - No Money (Two Friends Remix).m4a
[116/135] 036w1  The Jackson 5 - I Want You Back
    -> /Users/johnnycabrahams/aligning/w1mgcjt__Two Friends - Big Bootie Mix Volume 10/tracks/036w1__The Jackson 5 - I Want You Back.m4a
[117/135] 036w2  Eminem - Love The Way You Lie
    -> /Users/johnnycabrahams/aligning/w1mgcjt__Two Friends - Big Bootie Mix Volume 10/tracks/036w2__Eminem - Love The Way You Lie.m4a
[118/135] 036w3  Krewella - Alive
    -> /Users/johnnycabrahams/aligning/w1mgcjt__Two Friends - Big Bootie Mix Volume 10/tracks/036w3__Krewella - Alive (Acappella).m4a
[119/135] 036w4  Say Lou Lou - Julian
    -> /Users/johnnycabrahams/aligning/w1mgcjt__Two Friends - Big Bootie Mix Volume 10/tracks/036w4__Say Lou Lou - Julian (The Chainsmokers Remix).m4a
[120/135] 036w5  Coldplay - Viva La Vida
    -> /Users/johnnycabrahams/aligning/w1mgcjt__Two Friends - Big Bootie Mix Volume 10/tracks/036w5__Coldplay - Viva La Vida (Acappella).m4a
[121/135] 037  Halsey - Colors
    -> /Users/johnnycabrahams/aligning/w1mgcjt__Two Friends - Big Bootie Mix Volume 10/tracks/037__Halsey - Colors (Audien Remix).m4a
[122/135] 037w1  Steve Aoki & Moxie - I Love It When You Cry
    -> /Users/johnnycabrahams/aligning/w1mgcjt__Two Friends - Big Bootie Mix Volume 10/tracks/037w1__Steve Aoki & Moxie - I Love It When You Cry (Acappella).m4a
[123/135] 037w2  MAGIC! - Rude
    -> /Users/johnnycabrahams/aligning/w1mgcjt__Two Friends - Big Bootie Mix Volume 10/tracks/037w2__MAGIC! - Rude (Acappella).m4a
[124/135] 037w3  Galantis - Runaway  (replay → hardlink)
    -> /Users/johnnycabrahams/aligning/w1mgcjt__Two Friends - Big Bootie Mix Volume 10/tracks/037w3__Galantis - Runaway (U & I).m4a
[125/135] 038  Two Friends & INSTRUM - Trap King  +2 stems
    -> /Users/johnnycabrahams/aligning/w1mgcjt__Two Friends - Big Bootie Mix Volume 10/tracks/038__Two Friends & INSTRUM - Trap King (Fetty Wap ft. Adriana Gomez Cover).m4a
    -> /Users/johnnycabrahams/aligning/w1mgcjt__Two Friends - Big Bootie Mix Volume 10/stems/038__Two Friends & INSTRUM - Trap King (Fetty Wap ft. Adriana Gomez Cover)/instrumental.flac
    -> /Users/johnnycabrahams/aligning/w1mgcjt__Two Friends - Big Bootie Mix Volume 10/stems/038__Two Friends & INSTRUM - Trap King (Fetty Wap ft. Adriana Gomez Cover)/vocals.flac
[126/135] 038w1  Flume - Never Be Like You
    -> /Users/johnnycabrahams/aligning/w1mgcjt__Two Friends - Big Bootie Mix Volume 10/tracks/038w1__Flume - Never Be Like You (Acappella).m4a
[127/135] 039  The Chainsmokers - Don't Let Me Down
    -> /Users/johnnycabrahams/aligning/w1mgcjt__Two Friends - Big Bootie Mix Volume 10/tracks/039__The Chainsmokers - Don't Let Me Down (ILLENIUM Remix).m4a
[128/135] 039w1  Louis The Child - It's Strange
    -> /Users/johnnycabrahams/aligning/w1mgcjt__Two Friends - Big Bootie Mix Volume 10/tracks/039w1__Louis The Child - It's Strange.m4a
[129/135] 040  Breezee - Found Home  +2 stems
    -> /Users/johnnycabrahams/aligning/w1mgcjt__Two Friends - Big Bootie Mix Volume 10/tracks/040__Breezee - Found Home.m4a
    -> /Users/johnnycabrahams/aligning/w1mgcjt__Two Friends - Big Bootie Mix Volume 10/stems/040__Breezee - Found Home/instrumental.flac
    -> /Users/johnnycabrahams/aligning/w1mgcjt__Two Friends - Big Bootie Mix Volume 10/stems/040__Breezee - Found Home/vocals.flac
[130/135] 040w1  Owl City - Fireflies  +2 stems
    -> /Users/johnnycabrahams/aligning/w1mgcjt__Two Friends - Big Bootie Mix Volume 10/tracks/040w1__Owl City - Fireflies.m4a
    -> /Users/johnnycabrahams/aligning/w1mgcjt__Two Friends - Big Bootie Mix Volume 10/stems/040w1__Owl City - Fireflies/instrumental.flac
    -> /Users/johnnycabrahams/aligning/w1mgcjt__Two Friends - Big Bootie Mix Volume 10/stems/040w1__Owl City - Fireflies/vocals.flac
[131/135] 040w2  Alessia Cara - Wild Things
    -> /Users/johnnycabrahams/aligning/w1mgcjt__Two Friends - Big Bootie Mix Volume 10/tracks/040w2__Alessia Cara - Wild Things.m4a
[132/135] 040w3  DJ Snake & AlunaGeorge - You Know You Like It  (replay → hardlink)
    -> /Users/johnnycabrahams/aligning/w1mgcjt__Two Friends - Big Bootie Mix Volume 10/tracks/040w3__DJ Snake & AlunaGeorge - You Know You Like It.m4a
[133/135] 040w4  Drake - Forever
    -> /Users/johnnycabrahams/aligning/w1mgcjt__Two Friends - Big Bootie Mix Volume 10/tracks/040w4__Drake - Forever (Acappella) (Acappella).m4a
[134/135] 040w5  G-Eazy & Bebe Rexha - Me, Myself & I
    -> /Users/johnnycabrahams/aligning/w1mgcjt__Two Friends - Big Bootie Mix Volume 10/tracks/040w5__G-Eazy & Bebe Rexha - Me, Myself & I (Acappella).m4a
[135/135] 040w6  Blink-182 - Feeling This
    -> /Users/johnnycabrahams/aligning/w1mgcjt__Two Friends - Big Bootie Mix Volume 10/tracks/040w6__Blink-182 - Feeling This.m4a

Done. 135/135 tracks pulled.
Drag /Users/johnnycabrahams/aligning/w1mgcjt__Two Friends - Big Bootie Mix Volume 10 into Ableton.
When finished: rm -rf PosixPath('/Users/johnnycabrahams/aligning/w1mgcjt__Two Friends - Big Bootie Mix Volume 10')
